---
source: crates/plissken-core/src/render/module_renderer.rs
expression: "&pages[0].content"
---
# utils <span class="plissken-badge plissken-badge-source" style="display: inline-block; padding: 0.1em 0.35em; font-size: 0.55em; font-weight: 600; border-radius: 0.2em; vertical-align: middle; background: #ff5722; color: white;">Rust</span>


Utility functions for common operations.

This module provides helpers for data manipulation.
