---
source: crates/plissken-core/src/render/module_renderer.rs
expression: "&pages[0].content"
---
# config <span class="plissken-badge plissken-badge-source" style="display: inline-block; padding: 0.1em 0.35em; font-size: 0.55em; font-weight: 600; border-radius: 0.2em; vertical-align: middle; background: #ff5722; color: white;">Rust</span>


## Structs

### `struct Config`<T: Default>

<span class="plissken-badge plissken-badge-visibility" style="display: inline-block; padding: 0.1em 0.35em; font-size: 0.55em; font-weight: 600; border-radius: 0.2em; vertical-align: middle; background: #4caf50; color: white;">pub</span>


**Derives:** `Debug`, `Clone`, `Serialize`

Application configuration.

Stores all runtime settings.

#### Fields

| Name | Type | Description |
|------|------|-------------|
| `name` | `String` | Configuration name |
| `value` | `T` | Configuration value |
| `enabled` | `bool` | Whether config is active |

#### Methods

##### `new` <span class="plissken-badge plissken-badge-visibility" style="display: inline-block; padding: 0.1em 0.35em; font-size: 0.55em; font-weight: 600; border-radius: 0.2em; vertical-align: middle; background: #4caf50; color: white;">pub</span>


```rust
pub fn new(name: impl Into<String>) -> Self
```

Create a new Config with default value



##### `with_value` <span class="plissken-badge plissken-badge-visibility" style="display: inline-block; padding: 0.1em 0.35em; font-size: 0.55em; font-weight: 600; border-radius: 0.2em; vertical-align: middle; background: #4caf50; color: white;">pub</span>


```rust
pub fn with_value(mut self, value: T) -> Self
```

Set the configuration value
